#
# A fatal error has been detected by the Java Runtime Environment:
#
#  EXCEPTION_ACCESS_VIOLATION (0xc0000005) at pc=0x00007ffe3e45cc16, pid=17712, tid=32688
#
# JRE version: OpenJDK Runtime Environment Corretto-21.0.7.6.1 (21.0.7+6) (build 21.0.7+6-LTS)
# Java VM: OpenJDK 64-Bit Server VM Corretto-21.0.7.6.1 (21.0.7+6-LTS, mixed mode, emulated-client, sharing, tiered, compressed oops, compressed class ptrs, g1 gc, windows-amd64)
# Problematic frame:
# V  [jvm.dll+0xcc16]
#
# No core dump will be written. Minidumps are not enabled by default on client versions of Windows
#
# If you would like to submit a bug report, please visit:
#   https://github.com/corretto/corretto-21/issues/
#

---------------  S U M M A R Y ------------

Command Line: -XX:TieredStopAtLevel=1 -Dspring.output.ansi.enabled=always -Dcom.sun.management.jmxremote -Dspring.jmx.enabled=true -Dspring.liveBeansView.mbeanDomain -Dspring.application.admin.enabled=true -Dmanagement.endpoints.jmx.exposure.include=* -javaagent:C:\Program Files\JetBrains\IntelliJ IDEA 2025.1\lib\idea_rt.jar=64048 -Dfile.encoding=UTF-8 -Dsun.stdout.encoding=UTF-8 -Dsun.stderr.encoding=UTF-8 at.fhtw.webshop.WebshopApplication

Host: AMD Ryzen 7 7700 8-Core Processor              , 16 cores, 63G,  Windows 10 , 64 bit Build 19041 (10.0.19041.5794)
Time: Sat May 24 21:13:33 2025 Mitteleuropäische Sommerzeit elapsed time: 1489.939410 seconds (0d 0h 24m 49s)

---------------  T H R E A D  ---------------

Current thread (0x000001d077a67ce0):  WorkerThread "GC Thread#7"    [id=32688, stack(0x000000587c500000,0x000000587c600000) (1024K)]

Stack: [0x000000587c500000,0x000000587c600000],  sp=0x000000587c5ff8d8,  free space=1022k
Native frames: (J=compiled Java code, j=interpreted, Vv=VM code, C=native code)
V  [jvm.dll+0xcc16]


siginfo: EXCEPTION_ACCESS_VIOLATION (0xc0000005), reading address 0x000001d0109e5c7b


Registers:
RAX=0x0000000000000000, RBX=0x0000000000000001, RCX=0x000000042dcf8fd8, RDX=0x000000042dcf8fd8
RSP=0x000000587c5ff8d8, RBP=0x0000000000000456, RSI=0x000001d04fae8db0, RDI=0x0000000081e8255c
R8 =0x000001d0109e5c73, R9 =0x0000000081e8255c, R10=0x000000042dcf8fd8, R11=0x0000000000000001
R12=0x0000000000000003, R13=0x000000042dcf8fd8, R14=0x000001d077342fd0, R15=0x000001d0109e5c73
RIP=0x00007ffe3e45cc16, EFLAGS=0x0000000000010202

XMM[0]=0x00000000000405a8 0x0000000000000001
XMM[1]=0x81b3c9fc81e3a8ce 0x81d9b81300000001
XMM[2]=0x85b8bd2385b8b8e0 0x85b8b8ce85b8b8af
XMM[3]=0x85b8bdff85b8bdd9 0x85b8bdaf85b8bd97
XMM[4]=0x85b8bf1385b8beec 0x85b8bed085b8beb8
XMM[5]=0x0000000000000000 0x0000000000000040
XMM[6]=0x0000000000000000 0x000000037810c747
XMM[7]=0x0000000000000000 0x0000000000000000
XMM[8]=0x0000000000000000 0x0000000000000000
XMM[9]=0x0000000000000000 0x0000000000000000
XMM[10]=0x0000000000000000 0x0000000000000000
XMM[11]=0x0000000000000000 0x0000000000000000
XMM[12]=0x0000000000000000 0x0000000000000000
XMM[13]=0x0000000000000000 0x0000000000000000
XMM[14]=0x0000000000000000 0x0000000000000000
XMM[15]=0x0000000000000000 0x0000000000000000
  MXCSR=0x00001fa0


Register to memory mapping:

RAX=0x0 is null
RBX=0x0000000000000001 is an unknown value
RCX=
[error occurred during error reporting (printing register info), id 0xc0000005, EXCEPTION_ACCESS_VIOLATION (0xc0000005) at pc=0x00007ffe3e45cc16]
RDX=
[error occurred during error reporting (printing register info, attempt 2), id 0xc0000005, EXCEPTION_ACCESS_VIOLATION (0xc0000005) at pc=0x00007ffe3e45cc16]
RSP=0x000000587c5ff8d8 points into unknown readable memory: 0x00007ffe3e7b180b | 0b 18 7b 3e fe 7f 00 00
RBP=0x0000000000000456 is an unknown value
RSI=0x000001d04fae8db0 points into unknown readable memory: 0x0000000000000000 | 00 00 00 00 00 00 00 00
RDI=2179474780 is a compressed pointer to object: java.lang.Class 
{0x000000040f412ae0} - klass: 'java/lang/Class'
 - ---- fields (total size 14 words):
 - private volatile transient 'classRedefinedCount' 'I' @12  0 (0x00000000)
 - injected 'klass' 'J' @16  1992885471440 (0x000001d0013b08d0)
 - injected 'array_klass' 'J' @24  0 (0x0000000000000000)
 - injected 'oop_size' 'I' @32  14 (0x0000000e)
 - injected 'static_oop_field_count' 'I' @36  0 (0x00000000)
 - private volatile transient 'cachedConstructor' 'Ljava/lang/reflect/Constructor;' @40  null (0x00000000)
 - private transient 'name' 'Ljava/lang/String;' @44  "org.springframework.dao.DataAccessException"{0x000000040f412b50} (0x81e8256a)
 - private transient 'module' 'Ljava/lang/Module;' @48  a 'java/lang/Module'{0x000000040d9daef0} (0x81b3b5de)
 - private final 'classLoader' 'Ljava/lang/ClassLoader;' @52  a 'jdk/internal/loader/ClassLoaders$AppClassLoader'{0x000000040d9d96e0} (0x81b3b2dc)
 - private transient 'classData' 'Ljava/lang/Object;' @56  null (0x00000000)
 - private transient 'packageName' 'Ljava/lang/String;' @60  "org.springframework.dao"{0x000000040f3c8268} (0x81e7904d)
 - private final 'componentType' 'Ljava/lang/Class;' @64  null (0x00000000)
 - private volatile transient 'reflectionData' 'Ljava/lang/ref/SoftReference;' @68  null (0x00000000)
 - private volatile transient 'genericInfo' 'Lsun/reflect/generics/repository/ClassRepository;' @72  null (0x00000000)
 - private volatile transient 'enumConstants' '[Ljava/lang/Object;' @76  null (0x00000000)
 - private volatile transient 'enumConstantDirectory' 'Ljava/util/Map;' @80  null (0x00000000)
 - private volatile transient 'annotationData' 'Ljava/lang/Class$AnnotationData;' @84  null (0x00000000)
 - private volatile transient 'annotationType' 'Lsun/reflect/annotation/AnnotationType;' @88  null (0x00000000)
 - transient 'classValueMap' 'Ljava/lang/ClassValue$ClassValueMap;' @92  null (0x00000000)
 - injected 'protection_domain' 'Ljava/lang/Object;' @96  a 'java/security/ProtectionDomain'{0x000000040ecb9dc8} (0x81d973b9)
 - injected 'signers_name' 'Ljava/lang/Object;' @100  null (0x00000000)
 - injected 'source_file' 'Ljava/lang/Object;' @104  null (0x00000000)
 - injected '<init_lock>' 'Ljava/lang/Object;' @108  [I{0x000000040f412ba8} (0x81e82575)
 - signature: Lorg/springframework/dao/DataAccessException;
 - ---- static fields (0):
R8 =0x000001d0109e5c73 is an unknown value
R9 =2179474780 is a compressed pointer to object: java.lang.Class 
{0x000000040f412ae0} - klass: 'java/lang/Class'
 - ---- fields (total size 14 words):
 - private volatile transient 'classRedefinedCount' 'I' @12  0 (0x00000000)
 - injected 'klass' 'J' @16  1992885471440 (0x000001d0013b08d0)
 - injected 'array_klass' 'J' @24  0 (0x0000000000000000)
 - injected 'oop_size' 'I' @32  14 (0x0000000e)
 - injected 'static_oop_field_count' 'I' @36  0 (0x00000000)
 - private volatile transient 'cachedConstructor' 'Ljava/lang/reflect/Constructor;' @40  null (0x00000000)
 - private transient 'name' 'Ljava/lang/String;' @44  "org.springframework.dao.DataAccessException"{0x000000040f412b50} (0x81e8256a)
 - private transient 'module' 'Ljava/lang/Module;' @48  a 'java/lang/Module'{0x000000040d9daef0} (0x81b3b5de)
 - private final 'classLoader' 'Ljava/lang/ClassLoader;' @52  a 'jdk/internal/loader/ClassLoaders$AppClassLoader'{0x000000040d9d96e0} (0x81b3b2dc)
 - private transient 'classData' 'Ljava/lang/Object;' @56  null (0x00000000)
 - private transient 'packageName' 'Ljava/lang/String;' @60  "org.springframework.dao"{0x000000040f3c8268} (0x81e7904d)
 - private final 'componentType' 'Ljava/lang/Class;' @64  null (0x00000000)
 - private volatile transient 'reflectionData' 'Ljava/lang/ref/SoftReference;' @68  null (0x00000000)
 - private volatile transient 'genericInfo' 'Lsun/reflect/generics/repository/ClassRepository;' @72  null (0x00000000)
 - private volatile transient 'enumConstants' '[Ljava/lang/Object;' @76  null (0x00000000)
 - private volatile transient 'enumConstantDirectory' 'Ljava/util/Map;' @80  null (0x00000000)
 - private volatile transient 'annotationData' 'Ljava/lang/Class$AnnotationData;' @84  null (0x00000000)
 - private volatile transient 'annotationType' 'Lsun/reflect/annotation/AnnotationType;' @88  null (0x00000000)
 - transient 'classValueMap' 'Ljava/lang/ClassValue$ClassValueMap;' @92  null (0x00000000)
 - injected 'protection_domain' 'Ljava/lang/Object;' @96  a 'java/security/ProtectionDomain'{0x000000040ecb9dc8} (0x81d973b9)
 - injected 'signers_name' 'Ljava/lang/Object;' @100  null (0x00000000)
 - injected 'source_file' 'Ljava/lang/Object;' @104  null (0x00000000)
 - injected '<init_lock>' 'Ljava/lang/Object;' @108  [I{0x000000040f412ba8} (0x81e82575)
 - signature: Lorg/springframework/dao/DataAccessException;
 - ---- static fields (0):
R10=
[error occurred during error reporting (printing register info, attempt 3), id 0xc0000005, EXCEPTION_ACCESS_VIOLATION (0xc0000005) at pc=0x00007ffe3e45cc16]
Top of Stack: (sp=0x000000587c5ff8d8)
0x000000587c5ff8d8:   00007ffe3e7b180b 0000000000000001
0x000000587c5ff8e8:   0000000000000001 00000004109e5cc8
0x000000587c5ff8f8:   000001d077343158 000001d0000409f0
0x000000587c5ff908:   00007ffe3e7afb79 000001d06f55e360
0x000000587c5ff918:   000001d077342fd0 00000004109e5c70
0x000000587c5ff928:   00007ffe3e7b1c6c 0000000000000001
0x000000587c5ff938:   0000000000000000 0000000000000000
0x000000587c5ff948:   000001d077342fd0 0000000000000003
0x000000587c5ff958:   00000004109e5ca4 000001d04fae8db0
0x000000587c5ff968:   0000000000000456 000001d077342fd0
0x000000587c5ff978:   00007ffe3e7b29ea 000001d077340000
0x000000587c5ff988:   000001d077270001 000001d000000000
0x000000587c5ff998:   0000000000000001 000001d077277a20
0x000000587c5ff9a8:   000001d077ba5ef0 0000000410c74178
0x000000587c5ff9b8:   000001d04fac4370 000000587c5ffa60
0x000000587c5ff9c8:   00007ffe3e7b2664 000001d077340000
0x000000587c5ff9d8:   000001d077342fd0 000001d000000000
0x000000587c5ff9e8:   0000000000000001 0000000000000014
0x000000587c5ff9f8:   00007ffe3e7c6cd9 0000000410c74179
0x000000587c5ffa08:   000000587c5ffad0 0000000000000000
0x000000587c5ffa18:   00007ffe3ecbacbe 000000587adfeb80
0x000000587c5ffa28:   00007ffe3eb230bf 0000000000000000
0x000000587c5ffa38:   0000000000000000 000001d077000000
0x000000587c5ffa48:   00007ffe3e7bd88f 000001d077ba5ef0
0x000000587c5ffa58:   00007ffe3ecbabf7 000001d077277a20
0x000000587c5ffa68:   000001d077ba5ef0 00000000000003d8
0x000000587c5ffa78:   000001d077277e08 0000000000000002
0x000000587c5ffa88:   00007ffe3e7c739a 000001d077342fd0
0x000000587c5ffa98:   0000000000000014 000000587adfeb80
0x000000587c5ffaa8:   000001d04fac8ab0 0000001200000010
0x000000587c5ffab8:   0000000000000002 000000037810c747
0x000000587c5ffac8:   0000000000000000 00007ffe3ee8e598 

Instructions: (pc=0x00007ffe3e45cc16)
0x00007ffe3e45cb16:   37 48 8b d8 48 3b c1 75 e4 48 8b 5c 24 30 48 8b
0x00007ffe3e45cb26:   6c 24 38 48 8b 74 24 40 48 83 c4 20 5f c3 cc cc
0x00007ffe3e45cb36:   cc cc cc cc cc cc cc cc cc cc 8b 05 62 c4 c2 00
0x00007ffe3e45cb46:   c3 cc cc cc cc cc cc cc cc cc 0f b6 05 da db c2
0x00007ffe3e45cb56:   00 48 8b d1 84 c0 74 16 44 8b 41 08 8b 0d 40 c4
0x00007ffe3e45cb66:   c2 00 49 d3 e0 4c 03 05 2e c4 c2 00 eb 04 4c 8b
0x00007ffe3e45cb76:   41 08 45 8b 48 08 45 85 c9 7e 0e 41 f6 c1 01 75
0x00007ffe3e45cb86:   53 41 c1 f9 03 49 63 c1 c3 79 49 84 c0 41 b8 0c
0x00007ffe3e45cb96:   00 00 00 8b 05 69 d5 c2 00 b9 10 00 00 00 41 0f
0x00007ffe3e45cba6:   45 c8 ff c8 4c 63 c0 41 8b c1 48 c1 f8 10 0f b6
0x00007ffe3e45cbb6:   c0 48 63 14 11 41 8b c9 83 e1 3f 48 d3 e2 49 8d
0x00007ffe3e45cbc6:   0c 10 49 f7 d0 48 03 c1 49 c1 e8 03 48 c1 e8 03
0x00007ffe3e45cbd6:   49 23 c0 c3 49 8b 00 49 8b c8 48 ff a0 00 01 00
0x00007ffe3e45cbe6:   00 cc cc cc cc cc cc cc cc cc 8b 44 24 30 45 03
0x00007ffe3e45cbf6:   c9 44 2b 4c 24 28 83 c0 0b 44 03 ca 45 03 c8 41
0x00007ffe3e45cc06:   03 c1 c3 cc cc cc cc cc cc cc 4c 8b c2 48 8b d1
0x00007ffe3e45cc16:   45 8b 48 08 45 85 c9 7e 0e 41 f6 c1 01 75 56 41
0x00007ffe3e45cc26:   c1 f9 03 49 63 c1 c3 79 4c 80 3d fb da c2 00 00
0x00007ffe3e45cc36:   b8 0c 00 00 00 b9 10 00 00 00 0f 45 c8 8b 05 bf
0x00007ffe3e45cc46:   d4 c2 00 ff c8 4c 63 c0 41 8b c1 48 c1 f8 10 48
0x00007ffe3e45cc56:   63 14 11 41 8b c9 83 e1 3f 0f b6 c0 48 d3 e2 49
0x00007ffe3e45cc66:   8d 0c 10 49 f7 d0 48 03 c1 49 c1 e8 03 48 c1 e8
0x00007ffe3e45cc76:   03 49 23 c0 c3 49 8b 00 49 8b c8 48 ff a0 00 01
0x00007ffe3e45cc86:   00 00 cc cc cc cc cc cc cc cc 48 8b 41 08 0f b7
0x00007ffe3e45cc96:   48 2c 0f b7 40 2a 83 c0 48 03 c1 c3 cc cc cc cc
0x00007ffe3e45cca6:   cc cc cc cc cc cc cc cc cc cc 48 89 5c 24 08 57
0x00007ffe3e45ccb6:   48 83 ec 20 0f b6 05 3f d6 cd 00 48 8b fa 48 8b
0x00007ffe3e45ccc6:   d9 84 c0 74 4f 48 85 15 d6 cd cd 00 74 38 48 8b
0x00007ffe3e45ccd6:   ca e8 d4 b3 8d 00 48 8b d0 48 85 db 74 25 48 85
0x00007ffe3e45cce6:   c0 74 20 48 8b c7 f0 48 0f b1 13 74 16 48 85 05
0x00007ffe3e45ccf6:   ae cd cd 00 74 0d 48 8b c8 f0 48 0f b1 13 48 3b
0x00007ffe3e45cd06:   c1 75 ea 48 8b fa 48 8b c7 48 8b 5c 24 30 48 83 


Stack slot to memory mapping:

stack at sp + 0 slots: 0x00007ffe3e7b180b jvm.dll
stack at sp + 1 slots: 0x0000000000000001 is an unknown value
stack at sp + 2 slots: 0x0000000000000001 is an unknown value
stack at sp + 3 slots: 0x00000004109e5cc8 is an oop: [Ljava.lang.Class; 
{0x00000004109e5cc8} - klass: 'java/lang/Class'[]
 - length: 3
stack at sp + 4 slots: 0x000001d077343158 points into unknown readable memory: 0x00007ffe3ee8bcf0 | f0 bc e8 3e fe 7f 00 00
stack at sp + 5 slots: 0x000001d0000409f0 is pointing into metadata
stack at sp + 6 slots: 0x00007ffe3e7afb79 jvm.dll
stack at sp + 7 slots: 0x000001d06f55e360 points into unknown readable memory: 0x000000042d800000 | 00 00 80 2d 04 00 00 00


---------------  P R O C E S S  ---------------

Threads class SMR info:
_java_thread_list=0x000001d0792c6730, length=32, elements={
0x000001d06f695f50, 0x000001d06f696e60, 0x000001d06f698c20, 0x000001d06f69b680,
0x000001d06f69c350, 0x000001d06f69cda0, 0x000001d06f6ab830, 0x000001d06f66b090,
0x000001d077271690, 0x000001d07726c380, 0x000001d07755c260, 0x000001d07757d1b0,
0x000001d0775c3690, 0x000001d0775f8ba0, 0x000001d0778abf90, 0x000001d0778ae6f0,
0x000001d0778ac620, 0x000001d0778accb0, 0x000001d0778af410, 0x000001d07a74cb80,
0x000001d07a74b7d0, 0x000001d07a74d210, 0x000001d07a74be60, 0x000001d07a74e5c0,
0x000001d07a74d8a0, 0x000001d07a74b140, 0x000001d07a74aab0, 0x000001d07a74df30,
0x000001d07a74ec50, 0x000001d07a74f2e0, 0x000001d07a74f970, 0x000001d07a750000
}

Java Threads: ( => current thread )
  0x000001d06f695f50 JavaThread "Reference Handler"          daemon [_thread_blocked, id=74364, stack(0x000000587ae00000,0x000000587af00000) (1024K)]
  0x000001d06f696e60 JavaThread "Finalizer"                  daemon [_thread_blocked, id=94200, stack(0x000000587af00000,0x000000587b000000) (1024K)]
  0x000001d06f698c20 JavaThread "Signal Dispatcher"          daemon [_thread_blocked, id=94172, stack(0x000000587b000000,0x000000587b100000) (1024K)]
  0x000001d06f69b680 JavaThread "Attach Listener"            daemon [_thread_blocked, id=93308, stack(0x000000587b100000,0x000000587b200000) (1024K)]
  0x000001d06f69c350 JavaThread "Service Thread"             daemon [_thread_blocked, id=93268, stack(0x000000587b200000,0x000000587b300000) (1024K)]
  0x000001d06f69cda0 JavaThread "Monitor Deflation Thread"   daemon [_thread_blocked, id=90796, stack(0x000000587b300000,0x000000587b400000) (1024K)]
  0x000001d06f6ab830 JavaThread "C1 CompilerThread0"         daemon [_thread_blocked, id=93236, stack(0x000000587b400000,0x000000587b500000) (1024K)]
  0x000001d06f66b090 JavaThread "Common-Cleaner"             daemon [_thread_blocked, id=86980, stack(0x000000587b500000,0x000000587b600000) (1024K)]
  0x000001d077271690 JavaThread "Monitor Ctrl-Break"         daemon [_thread_in_native, id=91740, stack(0x000000587b900000,0x000000587ba00000) (1024K)]
  0x000001d07726c380 JavaThread "Notification Thread"        daemon [_thread_blocked, id=93048, stack(0x000000587ba00000,0x000000587bb00000) (1024K)]
  0x000001d07755c260 JavaThread "RMI TCP Accept-0"           daemon [_thread_in_native, id=88036, stack(0x000000587bb00000,0x000000587bc00000) (1024K)]
  0x000001d07757d1b0 JavaThread "RMI TCP Connection(1)-192.168.0.178" daemon [_thread_blocked, id=93068, stack(0x000000587bc00000,0x000000587bd00000) (1024K)]
  0x000001d0775c3690 JavaThread "RMI Scheduler(0)"           daemon [_thread_blocked, id=69460, stack(0x000000587bd00000,0x000000587be00000) (1024K)]
  0x000001d0775f8ba0 JavaThread "JMX server connection timeout 34" daemon [_thread_blocked, id=80288, stack(0x000000587be00000,0x000000587bf00000) (1024K)]
  0x000001d0778abf90 JavaThread "mysql-cj-abandoned-connection-cleanup" daemon [_thread_blocked, id=87904, stack(0x000000587cb00000,0x000000587cc00000) (1024K)]
  0x000001d0778ae6f0 JavaThread "WebshopHikariCP housekeeper" daemon [_thread_blocked, id=94112, stack(0x000000587d100000,0x000000587d200000) (1024K)]
  0x000001d0778ac620 JavaThread "Catalina-utility-1"                [_thread_blocked, id=76596, stack(0x000000587d300000,0x000000587d400000) (1024K)]
  0x000001d0778accb0 JavaThread "Catalina-utility-2"                [_thread_blocked, id=26580, stack(0x000000587d400000,0x000000587d500000) (1024K)]
  0x000001d0778af410 JavaThread "container-0"                       [_thread_blocked, id=74036, stack(0x000000587d500000,0x000000587d600000) (1024K)]
  0x000001d07a74cb80 JavaThread "http-nio-8080-exec-1"       daemon [_thread_blocked, id=76872, stack(0x000000587d600000,0x000000587d700000) (1024K)]
  0x000001d07a74b7d0 JavaThread "http-nio-8080-exec-2"       daemon [_thread_blocked, id=85092, stack(0x000000587d700000,0x000000587d800000) (1024K)]
  0x000001d07a74d210 JavaThread "http-nio-8080-exec-3"       daemon [_thread_blocked, id=90312, stack(0x000000587d800000,0x000000587d900000) (1024K)]
  0x000001d07a74be60 JavaThread "http-nio-8080-exec-4"       daemon [_thread_blocked, id=92644, stack(0x000000587d900000,0x000000587da00000) (1024K)]
  0x000001d07a74e5c0 JavaThread "http-nio-8080-exec-5"       daemon [_thread_blocked, id=86772, stack(0x000000587da00000,0x000000587db00000) (1024K)]
  0x000001d07a74d8a0 JavaThread "http-nio-8080-exec-6"       daemon [_thread_blocked, id=93512, stack(0x000000587db00000,0x000000587dc00000) (1024K)]
  0x000001d07a74b140 JavaThread "http-nio-8080-exec-7"       daemon [_thread_blocked, id=89696, stack(0x000000587dc00000,0x000000587dd00000) (1024K)]
  0x000001d07a74aab0 JavaThread "http-nio-8080-exec-8"       daemon [_thread_blocked, id=94120, stack(0x000000587dd00000,0x000000587de00000) (1024K)]
  0x000001d07a74df30 JavaThread "http-nio-8080-exec-9"       daemon [_thread_blocked, id=33348, stack(0x000000587de00000,0x000000587df00000) (1024K)]
  0x000001d07a74ec50 JavaThread "http-nio-8080-exec-10"      daemon [_thread_blocked, id=77372, stack(0x000000587df00000,0x000000587e000000) (1024K)]
  0x000001d07a74f2e0 JavaThread "http-nio-8080-Poller"       daemon [_thread_in_native, id=25596, stack(0x000000587e000000,0x000000587e100000) (1024K)]
  0x000001d07a74f970 JavaThread "http-nio-8080-Acceptor"     daemon [_thread_in_native, id=89340, stack(0x000000587e100000,0x000000587e200000) (1024K)]
  0x000001d07a750000 JavaThread "DestroyJavaVM"                     [_thread_blocked, id=93720, stack(0x000000587a600000,0x000000587a700000) (1024K)]
Total: 32

Other Threads:
  0x000001d06f67c280 VMThread "VM Thread"                           [id=86064, stack(0x000000587ad00000,0x000000587ae00000) (1024K)]
  0x000001d0725217b0 WatcherThread "VM Periodic Task Thread"        [id=94148, stack(0x000000587ac00000,0x000000587ad00000) (1024K)]
  0x000001d06f510370 WorkerThread "GC Thread#0"                     [id=84228, stack(0x000000587a700000,0x000000587a800000) (1024K)]
  0x000001d0779cc460 WorkerThread "GC Thread#1"                     [id=86440, stack(0x000000587bf00000,0x000000587c000000) (1024K)]
  0x000001d0779cb980 WorkerThread "GC Thread#2"                     [id=85428, stack(0x000000587c000000,0x000000587c100000) (1024K)]
  0x000001d0779ccba0 WorkerThread "GC Thread#3"                     [id=77716, stack(0x000000587c100000,0x000000587c200000) (1024K)]
  0x000001d0779cbd20 WorkerThread "GC Thread#4"                     [id=89280, stack(0x000000587c200000,0x000000587c300000) (1024K)]
  0x000001d0779cb240 WorkerThread "GC Thread#5"                     [id=77456, stack(0x000000587c300000,0x000000587c400000) (1024K)]
  0x000001d0779cb5e0 WorkerThread "GC Thread#6"                     [id=77136, stack(0x000000587c400000,0x000000587c500000) (1024K)]
=>0x000001d077a67ce0 WorkerThread "GC Thread#7"                     [id=32688, stack(0x000000587c500000,0x000000587c600000) (1024K)]
  0x000001d077a68080 WorkerThread "GC Thread#8"                     [id=74940, stack(0x000000587c600000,0x000000587c700000) (1024K)]
  0x000001d077a67940 WorkerThread "GC Thread#9"                     [id=77668, stack(0x000000587c700000,0x000000587c800000) (1024K)]
  0x000001d077a67200 WorkerThread "GC Thread#10"                    [id=87444, stack(0x000000587c800000,0x000000587c900000) (1024K)]
  0x000001d077a68420 WorkerThread "GC Thread#11"                    [id=6420, stack(0x000000587c900000,0x000000587ca00000) (1024K)]
  0x000001d077a65160 WorkerThread "GC Thread#12"                    [id=93768, stack(0x000000587ca00000,0x000000587cb00000) (1024K)]
  0x000001d04fb87770 ConcurrentGCThread "G1 Main Marker"            [id=93500, stack(0x000000587a800000,0x000000587a900000) (1024K)]
  0x000001d04fb89930 WorkerThread "G1 Conc#0"                       [id=92216, stack(0x000000587a900000,0x000000587aa00000) (1024K)]
  0x000001d077a68b60 WorkerThread "G1 Conc#1"                       [id=93712, stack(0x000000587ce00000,0x000000587cf00000) (1024K)]
  0x000001d077a65500 WorkerThread "G1 Conc#2"                       [id=90144, stack(0x000000587cf00000,0x000000587d000000) (1024K)]
  0x000001d06f5bcc90 ConcurrentGCThread "G1 Refine#0"               [id=92416, stack(0x000000587aa00000,0x000000587ab00000) (1024K)]
  0x000001d06f5bd710 ConcurrentGCThread "G1 Service"                [id=94012, stack(0x000000587ab00000,0x000000587ac00000) (1024K)]
Total: 21

Threads with active compile tasks:
Total: 0

VM state: at safepoint (normal execution)

VM Mutex/Monitor currently owned by a thread:  ([mutex/lock_event])
[0x00007ffe3f10e2a8] Threads_lock - owner thread: 0x000001d06f67c280
[0x00007ffe3f10e3a8] Heap_lock - owner thread: 0x000001d07757d1b0

Heap address: 0x000000040d800000, size: 16168 MB, Compressed Oops mode: Zero based, Oop shift amount: 3

CDS archive(s) mapped at: [0x000001d000000000-0x000001d000c80000-0x000001d000c80000), size 13107200, SharedBaseAddress: 0x000001d000000000, ArchiveRelocationMode: 1.
Compressed class space mapped at: 0x000001d001000000-0x000001d041000000, reserved size: 1073741824
Narrow klass base: 0x000001d000000000, Narrow klass shift: 0, Narrow klass range: 0x100000000

GC Precious Log:
 CardTable entry size: 512
 Card Set container configuration: InlinePtr #cards 4 size 8 Array Of Cards #cards 64 size 144 Howl #buckets 8 coarsen threshold 14745 Howl Bitmap #cards 2048 size 272 coarsen threshold 1843 Card regions per heap region 1 cards per card region 16384
 CPUs: 16 total, 16 available
 Memory: 64655M
 Large Page Support: Disabled
 NUMA Support: Disabled
 Compressed Oops: Enabled (Zero based)
 Heap Region Size: 8M
 Heap Min Capacity: 8M
 Heap Initial Capacity: 1016M
 Heap Max Capacity: 16168M
 Pre-touch: Disabled
 Parallel Workers: 13
 Concurrent Workers: 3
 Concurrent Refinement Workers: 13
 Periodic GC: Disabled

Heap:
 garbage-first heap   total 114688K, used 94409K [0x000000040d800000, 0x0000000800000000)
  region size 8192K, 8 young (65536K), 1 survivors (8192K)
 Metaspace       used 78671K, committed 79552K, reserved 1179648K
  class space    used 11258K, committed 11648K, reserved 1048576K

Heap Regions: E=young(eden), S=young(survivor), O=old, HS=humongous(starts), HC=humongous(continues), CS=collection set, F=free, TAMS=top-at-mark-start, PB=parsable bottom
|   0|0x000000040d800000, 0x000000040e000000, 0x000000040e000000|100%| O|  |TAMS 0x000000040d800000| PB 0x000000040d800000| Untracked 
|   1|0x000000040e000000, 0x000000040e0961b0, 0x000000040e800000|  7%| O|  |TAMS 0x000000040e000000| PB 0x000000040e000000| Untracked 
|   2|0x000000040e800000, 0x000000040f000000, 0x000000040f000000|100%| O|  |TAMS 0x000000040e800000| PB 0x000000040e800000| Untracked 
|   3|0x000000040f000000, 0x000000040f800000, 0x000000040f800000|100%| O|  |TAMS 0x000000040f000000| PB 0x000000040f000000| Untracked 
|   4|0x000000040f800000, 0x0000000410000000, 0x0000000410000000|100%| O|  |TAMS 0x000000040f800000| PB 0x000000040f800000| Untracked 
|   5|0x0000000410000000, 0x0000000410783338, 0x0000000410800000| 93%| E|CS|TAMS 0x0000000410000000| PB 0x0000000410000000| Complete 
|   6|0x0000000410800000, 0x0000000410d91a00, 0x0000000411000000| 69%| S|  |TAMS 0x0000000410800000| PB 0x0000000410800000| Complete 
|   7|0x0000000411000000, 0x0000000411800000, 0x0000000411800000|100%| E|CS|TAMS 0x0000000411000000| PB 0x0000000411000000| Complete 
|   8|0x0000000411800000, 0x0000000412000000, 0x0000000412000000|100%| E|CS|TAMS 0x0000000411800000| PB 0x0000000411800000| Complete 
|   9|0x0000000412000000, 0x0000000412800000, 0x0000000412800000|100%| E|CS|TAMS 0x0000000412000000| PB 0x0000000412000000| Complete 
|  10|0x0000000412800000, 0x0000000413000000, 0x0000000413000000|100%| E|CS|TAMS 0x0000000412800000| PB 0x0000000412800000| Complete 
|  11|0x0000000413000000, 0x0000000413800000, 0x0000000413800000|100%| E|CS|TAMS 0x0000000413000000| PB 0x0000000413000000| Complete 
|  64|0x000000042d800000, 0x000000042e000000, 0x000000042e000000|100%| E|CS|TAMS 0x000000042d800000| PB 0x000000042d800000| Complete 
| 126|0x000000044c800000, 0x000000044d000000, 0x000000044d000000|100%| E|CS|TAMS 0x000000044c800000| PB 0x000000044c800000| Complete 

Card table byte_map: [0x000001d05d7c0000,0x000001d05f760000] _byte_map_base: 0x000001d05b754000

Marking Bits: (CMBitMap*) 0x000001d04fb761f0
 Bits: [0x000001d05f760000, 0x000001d06f400000)

Polling page: 0x000001d04d7e0000

Metaspace:

Usage:
  Non-class:     65.83 MB used.
      Class:     10.99 MB used.
       Both:     76.83 MB used.

Virtual space:
  Non-class space:      128.00 MB reserved,      66.31 MB ( 52%) committed,  2 nodes.
      Class space:        1.00 GB reserved,      11.38 MB (  1%) committed,  1 nodes.
             Both:        1.12 GB reserved,      77.69 MB (  7%) committed. 

Chunk freelists:
   Non-Class:  13.27 MB
       Class:  4.64 MB
        Both:  17.91 MB

MaxMetaspaceSize: unlimited
CompressedClassSpaceSize: 1.00 GB
Initial GC threshold: 21.00 MB
Current GC threshold: 87.62 MB
CDS: on
 - commit_granule_bytes: 65536.
 - commit_granule_words: 8192.
 - virtual_space_node_default_size: 8388608.
 - enlarge_chunks_in_place: 1.
 - use_allocation_guard: 0.


Internal statistics:

num_allocs_failed_limit: 6.
num_arena_births: 1330.
num_arena_deaths: 0.
num_vsnodes_births: 3.
num_vsnodes_deaths: 0.
num_space_committed: 1243.
num_space_uncommitted: 0.
num_chunks_returned_to_freelist: 6.
num_chunks_taken_from_freelist: 4032.
num_chunk_merges: 6.
num_chunk_splits: 2962.
num_chunks_enlarged: 2307.
num_inconsistent_stats: 0.

CodeCache: size=49152Kb used=13570Kb max_used=15543Kb free=35581Kb
 bounds [0x000001d0581c0000, 0x000001d059180000, 0x000001d05b1c0000]
 total_blobs=8345 nmethods=7603 adapters=663
 compilation: enabled
              stopped_count=0, restarted_count=0
 full_count=0

Compilation events (20 events):
Event: 1128.051 Thread 0x000001d06f6ab830 7661       1       java.lang.ref.ReferenceQueue::await (15 bytes)
Event: 1128.051 Thread 0x000001d06f6ab830 nmethod 7661 0x000001d058374c10 code [0x000001d058374dc0, 0x000001d058374ef8]
Event: 1183.581 Thread 0x000001d06f6ab830 7663       1       org.apache.catalina.loader.WebappLoader::getClassLoader (5 bytes)
Event: 1183.581 Thread 0x000001d06f6ab830 nmethod 7663 0x000001d058374910 code [0x000001d058374aa0, 0x000001d058374b70]
Event: 1193.583 Thread 0x000001d06f6ab830 7664       1       org.apache.catalina.core.StandardContext::getInstanceManager (5 bytes)
Event: 1193.584 Thread 0x000001d06f6ab830 nmethod 7664 0x000001d058374610 code [0x000001d0583747a0, 0x000001d058374870]
Event: 1201.879 Thread 0x000001d06f6ab830 7665       1       com.zaxxer.hikari.HikariConfig::getMinimumIdle (5 bytes)
Event: 1201.880 Thread 0x000001d06f6ab830 nmethod 7665 0x000001d058374310 code [0x000001d0583744a0, 0x000001d058374568]
Event: 1233.615 Thread 0x000001d06f6ab830 7666       1       jdk.internal.event.ThreadSleepEvent::isEnabled (2 bytes)
Event: 1233.615 Thread 0x000001d06f6ab830 nmethod 7666 0x000001d058373c10 code [0x000001d058373da0, 0x000001d058373e68]
Event: 1263.646 Thread 0x000001d06f6ab830 7668       1       org.apache.catalina.core.StandardContext::getThreadBindingListener (5 bytes)
Event: 1263.646 Thread 0x000001d06f6ab830 nmethod 7668 0x000001d058373910 code [0x000001d058373aa0, 0x000001d058373b70]
Event: 1278.295 Thread 0x000001d06f6ab830 7669   !   1       com.mysql.cj.jdbc.AbandonedConnectionCleanupThread::checkThreadContextClassLoader (20 bytes)
Event: 1278.295 Thread 0x000001d06f6ab830 nmethod 7669 0x000001d058373390 code [0x000001d058373560, 0x000001d058373738]
Event: 1283.655 Thread 0x000001d06f6ab830 7670       1       org.apache.catalina.loader.WebappLoader::getContext (5 bytes)
Event: 1283.655 Thread 0x000001d06f6ab830 nmethod 7670 0x000001d058373090 code [0x000001d058373220, 0x000001d0583732f0]
Event: 1283.655 Thread 0x000001d06f6ab830 7671       1       org.apache.catalina.core.StandardContext::getReloadable (5 bytes)
Event: 1283.655 Thread 0x000001d06f6ab830 nmethod 7671 0x000001d058372d90 code [0x000001d058372f20, 0x000001d058372ff0]
Event: 1283.655 Thread 0x000001d06f6ab830 7672       1       org.apache.catalina.core.StandardWrapper::getServlet (5 bytes)
Event: 1283.655 Thread 0x000001d06f6ab830 nmethod 7672 0x000001d058372a90 code [0x000001d058372c20, 0x000001d058372cf0]

GC Heap History (20 events):
Event: 0.626 GC heap after
{Heap after GC invocations=2 (full 0):
 garbage-first heap   total 1040384K, used 13249K [0x000000040d800000, 0x0000000800000000)
  region size 8192K, 1 young (8192K), 1 survivors (8192K)
 Metaspace       used 18879K, committed 19264K, reserved 1114112K
  class space    used 2563K, committed 2752K, reserved 1048576K
}
Event: 0.807 GC heap before
{Heap before GC invocations=3 (full 0):
 garbage-first heap   total 81920K, used 54209K [0x000000040d800000, 0x0000000800000000)
  region size 8192K, 6 young (49152K), 1 survivors (8192K)
 Metaspace       used 24255K, committed 24704K, reserved 1114112K
  class space    used 3284K, committed 3520K, reserved 1048576K
}
Event: 0.809 GC heap after
{Heap after GC invocations=4 (full 0):
 garbage-first heap   total 81920K, used 17259K [0x000000040d800000, 0x0000000800000000)
  region size 8192K, 1 young (8192K), 1 survivors (8192K)
 Metaspace       used 24255K, committed 24704K, reserved 1114112K
  class space    used 3284K, committed 3520K, reserved 1048576K
}
Event: 1.044 GC heap before
{Heap before GC invocations=4 (full 0):
 garbage-first heap   total 81920K, used 50027K [0x000000040d800000, 0x0000000800000000)
  region size 8192K, 5 young (40960K), 1 survivors (8192K)
 Metaspace       used 28841K, committed 29376K, reserved 1114112K
  class space    used 3913K, committed 4160K, reserved 1048576K
}
Event: 1.048 GC heap after
{Heap after GC invocations=5 (full 0):
 garbage-first heap   total 81920K, used 18999K [0x000000040d800000, 0x0000000800000000)
  region size 8192K, 1 young (8192K), 1 survivors (8192K)
 Metaspace       used 28841K, committed 29376K, reserved 1114112K
  class space    used 3913K, committed 4160K, reserved 1048576K
}
Event: 1.177 GC heap before
{Heap before GC invocations=5 (full 0):
 garbage-first heap   total 81920K, used 35383K [0x000000040d800000, 0x0000000800000000)
  region size 8192K, 4 young (32768K), 1 survivors (8192K)
 Metaspace       used 31519K, committed 32128K, reserved 1114112K
  class space    used 4357K, committed 4672K, reserved 1048576K
}
Event: 1.181 GC heap after
{Heap after GC invocations=6 (full 0):
 garbage-first heap   total 81920K, used 21323K [0x000000040d800000, 0x0000000800000000)
  region size 8192K, 1 young (8192K), 1 survivors (8192K)
 Metaspace       used 31519K, committed 32128K, reserved 1114112K
  class space    used 4357K, committed 4672K, reserved 1048576K
}
Event: 1.435 GC heap before
{Heap before GC invocations=7 (full 0):
 garbage-first heap   total 81920K, used 45899K [0x000000040d800000, 0x0000000800000000)
  region size 8192K, 4 young (32768K), 1 survivors (8192K)
 Metaspace       used 39703K, committed 40320K, reserved 1114112K
  class space    used 5286K, committed 5568K, reserved 1048576K
}
Event: 1.441 GC heap after
{Heap after GC invocations=8 (full 0):
 garbage-first heap   total 81920K, used 24151K [0x000000040d800000, 0x0000000800000000)
  region size 8192K, 1 young (8192K), 1 survivors (8192K)
 Metaspace       used 39703K, committed 40320K, reserved 1114112K
  class space    used 5286K, committed 5568K, reserved 1048576K
}
Event: 1.828 GC heap before
{Heap before GC invocations=8 (full 0):
 garbage-first heap   total 81920K, used 56919K [0x000000040d800000, 0x0000000800000000)
  region size 8192K, 5 young (40960K), 1 survivors (8192K)
 Metaspace       used 46734K, committed 47424K, reserved 1114112K
  class space    used 6362K, committed 6656K, reserved 1048576K
}
Event: 1.834 GC heap after
{Heap after GC invocations=9 (full 0):
 garbage-first heap   total 565248K, used 25470K [0x000000040d800000, 0x0000000800000000)
  region size 8192K, 1 young (8192K), 1 survivors (8192K)
 Metaspace       used 46734K, committed 47424K, reserved 1114112K
  class space    used 6362K, committed 6656K, reserved 1048576K
}
Event: 2.078 GC heap before
{Heap before GC invocations=9 (full 0):
 garbage-first heap   total 565248K, used 50046K [0x000000040d800000, 0x0000000800000000)
  region size 8192K, 5 young (40960K), 1 survivors (8192K)
 Metaspace       used 53090K, committed 53760K, reserved 1114112K
  class space    used 7238K, committed 7552K, reserved 1048576K
}
Event: 2.080 GC heap after
{Heap after GC invocations=10 (full 0):
 garbage-first heap   total 565248K, used 27255K [0x000000040d800000, 0x0000000800000000)
  region size 8192K, 1 young (8192K), 1 survivors (8192K)
 Metaspace       used 53090K, committed 53760K, reserved 1114112K
  class space    used 7238K, committed 7552K, reserved 1048576K
}
Event: 2.517 GC heap before
{Heap before GC invocations=11 (full 0):
 garbage-first heap   total 114688K, used 84599K [0x000000040d800000, 0x0000000800000000)
  region size 8192K, 8 young (65536K), 1 survivors (8192K)
 Metaspace       used 64663K, committed 65408K, reserved 1114112K
  class space    used 8998K, committed 9344K, reserved 1048576K
}
Event: 2.519 GC heap after
{Heap after GC invocations=12 (full 0):
 garbage-first heap   total 114688K, used 29499K [0x000000040d800000, 0x0000000800000000)
  region size 8192K, 1 young (8192K), 1 survivors (8192K)
 Metaspace       used 64663K, committed 65408K, reserved 1114112K
  class space    used 8998K, committed 9344K, reserved 1048576K
}
Event: 2.858 GC heap before
{Heap before GC invocations=12 (full 0):
 garbage-first heap   total 114688K, used 86843K [0x000000040d800000, 0x0000000800000000)
  region size 8192K, 8 young (65536K), 1 survivors (8192K)
 Metaspace       used 70791K, committed 71488K, reserved 1114112K
  class space    used 10135K, committed 10432K, reserved 1048576K
}
Event: 2.862 GC heap after
{Heap after GC invocations=13 (full 0):
 garbage-first heap   total 114688K, used 33210K [0x000000040d800000, 0x0000000800000000)
  region size 8192K, 1 young (8192K), 1 survivors (8192K)
 Metaspace       used 70791K, committed 71488K, reserved 1114112K
  class space    used 10135K, committed 10432K, reserved 1048576K
}
Event: 3.157 GC heap before
{Heap before GC invocations=13 (full 0):
 garbage-first heap   total 114688K, used 90554K [0x000000040d800000, 0x0000000800000000)
  region size 8192K, 8 young (65536K), 1 survivors (8192K)
 Metaspace       used 76323K, committed 77184K, reserved 1179648K
  class space    used 10935K, committed 11328K, reserved 1048576K
}
Event: 3.160 GC heap after
{Heap after GC invocations=14 (full 0):
 garbage-first heap   total 114688K, used 37065K [0x000000040d800000, 0x0000000800000000)
  region size 8192K, 1 young (8192K), 1 survivors (8192K)
 Metaspace       used 76323K, committed 77184K, reserved 1179648K
  class space    used 10935K, committed 11328K, reserved 1048576K
}
Event: 1489.924 GC heap before
{Heap before GC invocations=14 (full 0):
 garbage-first heap   total 114688K, used 94409K [0x000000040d800000, 0x0000000800000000)
  region size 8192K, 8 young (65536K), 1 survivors (8192K)
 Metaspace       used 78671K, committed 79552K, reserved 1179648K
  class space    used 11258K, committed 11648K, reserved 1048576K
}

Dll operation events (12 events):
Event: 0.003 Loaded shared library C:\Users\Tania\.jdks\corretto-21.0.7\bin\java.dll
Event: 0.059 Loaded shared library C:\Users\Tania\.jdks\corretto-21.0.7\bin\zip.dll
Event: 0.060 Loaded shared library C:\Users\Tania\.jdks\corretto-21.0.7\bin\instrument.dll
Event: 0.062 Loaded shared library C:\Users\Tania\.jdks\corretto-21.0.7\bin\net.dll
Event: 0.063 Loaded shared library C:\Users\Tania\.jdks\corretto-21.0.7\bin\nio.dll
Event: 0.064 Loaded shared library C:\Users\Tania\.jdks\corretto-21.0.7\bin\zip.dll
Event: 0.095 Loaded shared library C:\Users\Tania\.jdks\corretto-21.0.7\bin\jimage.dll
Event: 0.108 Loaded shared library C:\Users\Tania\.jdks\corretto-21.0.7\bin\extnet.dll
Event: 0.112 Loaded shared library C:\Users\Tania\.jdks\corretto-21.0.7\bin\management.dll
Event: 0.116 Loaded shared library C:\Users\Tania\.jdks\corretto-21.0.7\bin\management_ext.dll
Event: 0.728 Loaded shared library C:\Users\Tania\.jdks\corretto-21.0.7\bin\sunmscapi.dll
Event: 1.766 Loaded shared library C:\Users\Tania\.jdks\corretto-21.0.7\bin\verify.dll

Deoptimization events (0 events):
No events

Classes loaded (20 events):
Event: 3.294 Loading class java/nio/channels/spi/AbstractSelector$1
Event: 3.294 Loading class java/nio/channels/spi/AbstractSelector$1 done
Event: 3.295 Loading class java/util/TreeMap$ValueSpliterator
Event: 3.295 Loading class java/util/TreeMap$TreeMapSpliterator
Event: 3.295 Loading class java/util/TreeMap$TreeMapSpliterator done
Event: 3.295 Loading class java/util/TreeMap$ValueSpliterator done
Event: 3.300 Loading class java/util/IdentityHashMap$KeySpliterator
Event: 3.300 Loading class java/util/IdentityHashMap$IdentityHashMapSpliterator
Event: 3.300 Loading class java/util/IdentityHashMap$IdentityHashMapSpliterator done
Event: 3.300 Loading class java/util/IdentityHashMap$KeySpliterator done
Event: 3.574 Loading class javax/management/remote/rmi/RMIConnectionImpl$6
Event: 3.574 Loading class javax/management/remote/rmi/RMIConnectionImpl$6 done
Event: 3.574 Loading class javax/management/remote/rmi/RMIConnectionImpl$7
Event: 3.574 Loading class javax/management/remote/rmi/RMIConnectionImpl$7 done
Event: 3.574 Loading class com/sun/jmx/remote/util/OrderClassLoaders
Event: 3.574 Loading class com/sun/jmx/remote/util/OrderClassLoaders done
Event: 3.574 Loading class javax/management/remote/rmi/RMIConnectionImpl$SetCcl
Event: 3.574 Loading class javax/management/remote/rmi/RMIConnectionImpl$SetCcl done
Event: 3.574 Loading class java/rmi/MarshalledObject$MarshalledObjectInputStream
Event: 3.574 Loading class java/rmi/MarshalledObject$MarshalledObjectInputStream done

Classes unloaded (0 events):
No events

Classes redefined (0 events):
No events

Internal exceptions (20 events):
Event: 2.408 Thread 0x000001d04face1a0 Exception <a 'java/lang/NoSuchMethodError'{0x000000041112a5a8}: 'java.lang.Object java.lang.invoke.Invokers$Holder.linkToTargetMethod(java.lang.Object, java.lang.Object, java.lang.Object, java.lang.Object, java.lang.Object, java.lang.Object, int, java.lang.Object)'> (0x000000041112a5a8) 
thrown [s\src\hotspot\share\interpreter\linkResolver.cpp, line 773]
Event: 2.455 Thread 0x000001d04face1a0 Exception <a 'java/lang/IncompatibleClassChangeError'{0x00000004117fc840}: Found class java.lang.Object, but interface was expected> (0x00000004117fc840) 
thrown [s\src\hotspot\share\interpreter\linkResolver.cpp, line 840]
Event: 2.469 Thread 0x000001d04face1a0 Exception <a 'java/lang/IncompatibleClassChangeError'{0x00000004109af318}: Found class java.lang.Object, but interface was expected> (0x00000004109af318) 
thrown [s\src\hotspot\share\interpreter\linkResolver.cpp, line 840]
Event: 2.523 Thread 0x000001d04face1a0 Exception <a 'java/lang/IncompatibleClassChangeError'{0x000000044c852768}: Found class java.lang.Object, but interface was expected> (0x000000044c852768) 
thrown [s\src\hotspot\share\interpreter\linkResolver.cpp, line 840]
Event: 2.551 Thread 0x000001d04face1a0 Exception <a 'java/lang/IncompatibleClassChangeError'{0x000000044cb34880}: Found class java.lang.Object, but interface was expected> (0x000000044cb34880) 
thrown [s\src\hotspot\share\interpreter\linkResolver.cpp, line 840]
Event: 2.551 Thread 0x000001d04face1a0 Exception <a 'java/lang/IncompatibleClassChangeError'{0x000000044cb3a4c0}: Found class java.lang.Object, but interface was expected> (0x000000044cb3a4c0) 
thrown [s\src\hotspot\share\interpreter\linkResolver.cpp, line 840]
Event: 2.576 Thread 0x000001d04face1a0 Exception <a 'java/lang/NoSuchMethodError'{0x000000044ce5a300}: 'void java.lang.invoke.Invokers$Holder.invokeExact_MT(java.lang.Object, java.lang.Object, java.lang.Object, java.lang.Object)'> (0x000000044ce5a300) 
thrown [s\src\hotspot\share\interpreter\linkResolver.cpp, line 773]
Event: 2.580 Thread 0x000001d04face1a0 Exception <a 'java/lang/NoSuchMethodError'{0x000000044ceb16a0}: 'void java.lang.invoke.Invokers$Holder.invokeExact_MT(java.lang.Object, java.lang.Object, int, java.lang.Object)'> (0x000000044ceb16a0) 
thrown [s\src\hotspot\share\interpreter\linkResolver.cpp, line 773]
Event: 2.940 Thread 0x000001d04face1a0 Exception <a 'java/lang/NoSuchMethodError'{0x00000004136f9fd0}: 'java.lang.Object java.lang.invoke.DirectMethodHandle$Holder.newInvokeSpecial(java.lang.Object, java.lang.Object, java.lang.Object, java.lang.Object, java.lang.Object, java.lang.Object, java.lang.Object, java.lang.Object)'> (0x00000004136f9fd0) 
thrown [s\src\hotspot\share\interpreter\linkResolver.cpp, line 773]
Event: 2.977 Thread 0x000001d04face1a0 Exception <a 'java/lang/NoSuchMethodError'{0x0000000412eb6ce8}: 'java.lang.Object java.lang.invoke.DirectMethodHandle$Holder.invokeVirtual(java.lang.Object, java.lang.Object, java.lang.Object, java.lang.Object, java.lang.Object, java.lang.Object, java.lang.Object)'> (0x0000000412eb6ce8) 
thrown [s\src\hotspot\share\interpreter\linkResolver.cpp, line 773]
Event: 3.095 Thread 0x000001d04face1a0 Exception <a 'java/lang/IncompatibleClassChangeError'{0x0000000411f538a8}: Found class java.lang.Object, but interface was expected> (0x0000000411f538a8) 
thrown [s\src\hotspot\share\interpreter\linkResolver.cpp, line 840]
Event: 3.142 Thread 0x000001d04face1a0 Exception <a 'java/lang/NoSuchMethodError'{0x0000000411629d60}: 'java.lang.Object java.lang.invoke.DirectMethodHandle$Holder.invokeInterface(java.lang.Object, java.lang.Object, java.lang.Object, java.lang.Object)'> (0x0000000411629d60) 
thrown [s\src\hotspot\share\interpreter\linkResolver.cpp, line 773]
Event: 3.181 Thread 0x000001d04face1a0 Exception <a 'java/lang/NoSuchMethodError'{0x000000044ca80bc0}: 'int java.lang.invoke.DirectMethodHandle$Holder.invokeStaticInit(java.lang.Object, java.lang.Object, java.lang.Object, java.lang.Object)'> (0x000000044ca80bc0) 
thrown [s\src\hotspot\share\interpreter\linkResolver.cpp, line 773]
Event: 3.210 Thread 0x000001d04face1a0 Exception <a 'java/lang/NoSuchMethodError'{0x000000044cd99da8}: 'java.lang.Object java.lang.invoke.Invokers$Holder.invoke_MT(java.lang.Object, java.lang.Object, java.lang.Object, java.lang.Object, java.lang.Object, java.lang.Object, java.lang.Object, java.lang.Object, java.lang.Object)'> (0x000000044cd99da8) 
thrown [s\src\hotspot\share\interpreter\linkResolver.cpp, line 773]
Event: 3.217 Thread 0x000001d04face1a0 Exception <a 'java/lang/NoSuchMethodError'{0x000000044ce580e8}: 'java.lang.Object java.lang.invoke.DirectMethodHandle$Holder.invokeVirtual(java.lang.Object, java.lang.Object, java.lang.Object, java.lang.Object, java.lang.Object, java.lang.Object, java.lang.Object, java.lang.Object, java.lang.Object)'> (0x000000044ce580e8) 
thrown [s\src\hotspot\share\interpreter\linkResolver.cpp, line 773]
Event: 3.231 Thread 0x000001d04face1a0 Exception <a 'java/lang/NoSuchMethodError'{0x000000044cfd5f40}: 'java.lang.Object java.lang.invoke.DirectMethodHandle$Holder.invokeVirtual(java.lang.Object, java.lang.Object, java.lang.Object, java.lang.Object, java.lang.Object, java.lang.Object, java.lang.Object, java.lang.Object, java.lang.Object, java.lang.Object)'> (0x000000044cfd5f40) 
thrown [s\src\hotspot\share\interpreter\linkResolver.cpp, line 773]
Event: 3.253 Thread 0x000001d04face1a0 Exception <a 'java/lang/IncompatibleClassChangeError'{0x000000042dac4b68}: Found class java.lang.Object, but interface was expected> (0x000000042dac4b68) 
thrown [s\src\hotspot\share\interpreter\linkResolver.cpp, line 840]
Event: 3.262 Thread 0x000001d04face1a0 Exception <a 'java/lang/NoSuchMethodError'{0x000000042dc0b7d8}: 'java.lang.Object java.lang.invoke.Invokers$Holder.invoke_MT(java.lang.Object, java.lang.Object, java.lang.Object, java.lang.Object, java.lang.Object, java.lang.Object, java.lang.Object, java.lang.Object, java.lang.Object, java.lang.Object, java.lang.Object)'> (0x000000042dc0b7d8) 
thrown [s\src\hotspot\share\interpreter\linkResolver.cpp, line 773]
Event: 3.286 Thread 0x000001d04face1a0 Exception <a 'java/lang/NoSuchMethodError'{0x000000042df46cb0}: 'java.lang.Object java.lang.invoke.DirectMethodHandle$Holder.newInvokeSpecial(java.lang.Object, java.lang.Object, int, java.lang.Object, java.lang.Object)'> (0x000000042df46cb0) 
thrown [s\src\hotspot\share\interpreter\linkResolver.cpp, line 773]
Event: 3.573 Thread 0x000001d07757d1b0 Exception <a 'java/lang/NoSuchMethodError'{0x00000004132e3ce0}: 'java.lang.Object java.lang.invoke.DirectMethodHandle$Holder.invokeInterface(java.lang.Object, java.lang.Object, java.lang.Object, java.lang.Object, java.lang.Object, java.lang.Object, java.lang.Object)'> (0x00000004132e3ce0) 
thrown [s\src\hotspot\share\interpreter\linkResolver.cpp, line 773]

ZGC Phase Switch (0 events):
No events

VM Operations (20 events):
Event: 122.700 Executing VM operation: Cleanup done
Event: 123.708 Executing VM operation: Cleanup
Event: 123.708 Executing VM operation: Cleanup done
Event: 194.239 Executing VM operation: Cleanup
Event: 194.239 Executing VM operation: Cleanup done
Event: 200.275 Executing VM operation: Cleanup
Event: 200.275 Executing VM operation: Cleanup done
Event: 203.287 Executing VM operation: Cleanup
Event: 203.287 Executing VM operation: Cleanup done
Event: 253.657 Executing VM operation: Cleanup
Event: 253.657 Executing VM operation: Cleanup done
Event: 304.074 Executing VM operation: Cleanup
Event: 304.074 Executing VM operation: Cleanup done
Event: 372.654 Executing VM operation: Cleanup
Event: 372.654 Executing VM operation: Cleanup done
Event: 653.908 Executing VM operation: Cleanup
Event: 653.909 Executing VM operation: Cleanup done
Event: 1133.533 Executing VM operation: Cleanup
Event: 1133.533 Executing VM operation: Cleanup done
Event: 1489.924 Executing VM operation: G1CollectForAllocation (G1 Evacuation Pause)

Memory protections (0 events):
No events

Nmethod flushes (20 events):
Event: 2.091 Thread 0x000001d06f67c280 flushing  nmethod 0x000001d058a30010
Event: 2.091 Thread 0x000001d06f67c280 flushing  nmethod 0x000001d0586bff10
Event: 2.091 Thread 0x000001d06f67c280 flushing  nmethod 0x000001d058646c10
Event: 2.091 Thread 0x000001d06f67c280 flushing  nmethod 0x000001d058a4f590
Event: 2.091 Thread 0x000001d06f67c280 flushing  nmethod 0x000001d058a50710
Event: 2.091 Thread 0x000001d06f67c280 flushing  nmethod 0x000001d0588b0c90
Event: 2.091 Thread 0x000001d06f67c280 flushing  nmethod 0x000001d058a0b910
Event: 2.091 Thread 0x000001d06f67c280 flushing  nmethod 0x000001d058a0c410
Event: 2.091 Thread 0x000001d06f67c280 flushing  nmethod 0x000001d058ad4e10
Event: 2.091 Thread 0x000001d06f67c280 flushing  nmethod 0x000001d058b45510
Event: 2.091 Thread 0x000001d06f67c280 flushing  nmethod 0x000001d058886390
Event: 2.091 Thread 0x000001d06f67c280 flushing  nmethod 0x000001d058a43390
Event: 2.091 Thread 0x000001d06f67c280 flushing  nmethod 0x000001d058b00410
Event: 2.091 Thread 0x000001d06f67c280 flushing  nmethod 0x000001d05846b790
Event: 2.091 Thread 0x000001d06f67c280 flushing  nmethod 0x000001d058a26610
Event: 2.091 Thread 0x000001d06f67c280 flushing  nmethod 0x000001d058a29a10
Event: 2.091 Thread 0x000001d06f67c280 flushing  nmethod 0x000001d058ac6910
Event: 2.091 Thread 0x000001d06f67c280 flushing  nmethod 0x000001d058ae6d90
Event: 2.091 Thread 0x000001d06f67c280 flushing  nmethod 0x000001d058babf90
Event: 2.091 Thread 0x000001d06f67c280 flushing  nmethod 0x000001d058b19490

Events (20 events):
Event: 58.554 Thread 0x000001d06f6ab830 Thread added: 0x000001d072601fb0
Event: 60.657 Thread 0x000001d072604f60 Thread exited: 0x000001d072604f60
Event: 60.657 Thread 0x000001d072601fb0 Thread exited: 0x000001d072601fb0
Event: 69.202 Thread 0x000001d06f6ab830 Thread added: 0x000001d072601fb0
Event: 70.240 Thread 0x000001d072601fb0 Thread exited: 0x000001d072601fb0
Event: 71.319 Thread 0x000001d06f6ab830 Thread added: 0x000001d072604f60
Event: 71.319 Thread 0x000001d06f6ab830 Thread added: 0x000001d072601fb0
Event: 71.319 Thread 0x000001d06f6ab830 Thread added: 0x000001d072602680
Event: 72.612 Thread 0x000001d072602680 Thread exited: 0x000001d072602680
Event: 73.427 Thread 0x000001d072601fb0 Thread exited: 0x000001d072601fb0
Event: 74.497 Thread 0x000001d072604f60 Thread exited: 0x000001d072604f60
Event: 88.130 Thread 0x000001d06f6ab830 Thread added: 0x000001d072601fb0
Event: 89.982 Thread 0x000001d072601fb0 Thread exited: 0x000001d072601fb0
Event: 90.230 Thread 0x000001d07a749070 Thread exited: 0x000001d07a749070
Event: 116.623 Thread 0x000001d06f6ab830 Thread added: 0x000001d072604f60
Event: 116.623 Thread 0x000001d06f6ab830 Thread added: 0x000001d0726041c0
Event: 129.404 Thread 0x000001d0726041c0 Thread exited: 0x000001d0726041c0
Event: 132.332 Thread 0x000001d072604f60 Thread exited: 0x000001d072604f60
Event: 260.227 Thread 0x000001d06f6ab830 Thread added: 0x000001d072602d50
Event: 266.246 Thread 0x000001d072602d50 Thread exited: 0x000001d072602d50


Dynamic libraries:
0x00007ff72bd70000 - 0x00007ff72bd7e000 	C:\Users\Tania\.jdks\corretto-21.0.7\bin\java.exe
0x00007ffea2fb0000 - 0x00007ffea31a8000 	C:\WINDOWS\SYSTEM32\ntdll.dll
0x00007ffea15f0000 - 0x00007ffea16b2000 	C:\WINDOWS\System32\KERNEL32.DLL
0x00007ffea09a0000 - 0x00007ffea0c96000 	C:\WINDOWS\System32\KERNELBASE.dll
0x00007ffea08a0000 - 0x00007ffea09a0000 	C:\WINDOWS\System32\ucrtbase.dll
0x00007ffe7be50000 - 0x00007ffe7be68000 	C:\Users\Tania\.jdks\corretto-21.0.7\bin\jli.dll
0x00007ffe7dfa0000 - 0x00007ffe7dfbb000 	C:\Users\Tania\.jdks\corretto-21.0.7\bin\VCRUNTIME140.dll
0x00007ffea2b70000 - 0x00007ffea2d0d000 	C:\WINDOWS\System32\USER32.dll
0x00007ffea0fb0000 - 0x00007ffea0fd2000 	C:\WINDOWS\System32\win32u.dll
0x00007ffea2aa0000 - 0x00007ffea2acb000 	C:\WINDOWS\System32\GDI32.dll
0x00007ffe8a780000 - 0x00007ffe8aa1a000 	C:\WINDOWS\WinSxS\amd64_microsoft.windows.common-controls_6595b64144ccf1df_6.0.19041.5794_none_60bcd33171f2783c\COMCTL32.dll
0x00007ffea0ca0000 - 0x00007ffea0dba000 	C:\WINDOWS\System32\gdi32full.dll
0x00007ffea0750000 - 0x00007ffea07ed000 	C:\WINDOWS\System32\msvcp_win.dll
0x00007ffea2ad0000 - 0x00007ffea2b6e000 	C:\WINDOWS\System32\msvcrt.dll
0x00007ffea16c0000 - 0x00007ffea16ef000 	C:\WINDOWS\System32\IMM32.DLL
0x00007ffe82fa0000 - 0x00007ffe82fac000 	C:\Users\Tania\.jdks\corretto-21.0.7\bin\vcruntime140_1.dll
0x00007ffe68e10000 - 0x00007ffe68e9d000 	C:\Users\Tania\.jdks\corretto-21.0.7\bin\msvcp140.dll
0x00007ffe3e450000 - 0x00007ffe3f1ef000 	C:\Users\Tania\.jdks\corretto-21.0.7\bin\server\jvm.dll
0x00007ffea1870000 - 0x00007ffea191f000 	C:\WINDOWS\System32\ADVAPI32.dll
0x00007ffea1420000 - 0x00007ffea14bf000 	C:\WINDOWS\System32\sechost.dll
0x00007ffea2d10000 - 0x00007ffea2e33000 	C:\WINDOWS\System32\RPCRT4.dll
0x00007ffea0650000 - 0x00007ffea0677000 	C:\WINDOWS\System32\bcrypt.dll
0x00007ffea16f0000 - 0x00007ffea175b000 	C:\WINDOWS\System32\WS2_32.dll
0x00007ffe9fb50000 - 0x00007ffe9fb9b000 	C:\WINDOWS\SYSTEM32\POWRPROF.dll
0x00007ffe991d0000 - 0x00007ffe991da000 	C:\WINDOWS\SYSTEM32\VERSION.dll
0x00007ffe95180000 - 0x00007ffe951a7000 	C:\WINDOWS\SYSTEM32\WINMM.dll
0x00007ffe9fa10000 - 0x00007ffe9fa22000 	C:\WINDOWS\SYSTEM32\UMPDC.dll
0x00007ffe9ee50000 - 0x00007ffe9ee62000 	C:\WINDOWS\SYSTEM32\kernel.appcore.dll
0x00007ffe7e0d0000 - 0x00007ffe7e0da000 	C:\Users\Tania\.jdks\corretto-21.0.7\bin\jimage.dll
0x00007ffe9eaa0000 - 0x00007ffe9eca1000 	C:\WINDOWS\SYSTEM32\DBGHELP.DLL
0x00007ffe8a350000 - 0x00007ffe8a384000 	C:\WINDOWS\SYSTEM32\dbgcore.DLL
0x00007ffea0f20000 - 0x00007ffea0fa2000 	C:\WINDOWS\System32\bcryptPrimitives.dll
0x00007ffe9c700000 - 0x00007ffe9c70e000 	C:\Users\Tania\.jdks\corretto-21.0.7\bin\instrument.dll
0x00007ffe7a750000 - 0x00007ffe7a76f000 	C:\Users\Tania\.jdks\corretto-21.0.7\bin\java.dll
0x00007ffea2200000 - 0x00007ffea296e000 	C:\WINDOWS\System32\SHELL32.dll
0x00007ffe9e230000 - 0x00007ffe9e9d3000 	C:\WINDOWS\SYSTEM32\windows.storage.dll
0x00007ffea0fe0000 - 0x00007ffea1333000 	C:\WINDOWS\System32\combase.dll
0x00007ffe9ffa0000 - 0x00007ffe9ffcb000 	C:\WINDOWS\SYSTEM32\Wldp.dll
0x00007ffea14c0000 - 0x00007ffea158d000 	C:\WINDOWS\System32\OLEAUT32.dll
0x00007ffea1760000 - 0x00007ffea180d000 	C:\WINDOWS\System32\SHCORE.dll
0x00007ffea1ad0000 - 0x00007ffea1b25000 	C:\WINDOWS\System32\shlwapi.dll
0x00007ffea0580000 - 0x00007ffea05a5000 	C:\WINDOWS\SYSTEM32\profapi.dll
0x00007ffe77820000 - 0x00007ffe77838000 	C:\Users\Tania\.jdks\corretto-21.0.7\bin\zip.dll
0x00007ffe7c310000 - 0x00007ffe7c320000 	C:\Users\Tania\.jdks\corretto-21.0.7\bin\net.dll
0x00007ffe9a740000 - 0x00007ffe9a84a000 	C:\WINDOWS\SYSTEM32\WINHTTP.dll
0x00007ffe9fd80000 - 0x00007ffe9fdec000 	C:\WINDOWS\system32\mswsock.dll
0x00007ffe778a0000 - 0x00007ffe778b6000 	C:\Users\Tania\.jdks\corretto-21.0.7\bin\nio.dll
0x00007ffe9fa80000 - 0x00007ffe9fb4a000 	C:\WINDOWS\SYSTEM32\DNSAPI.dll
0x00007ffe9fa30000 - 0x00007ffe9fa6b000 	C:\WINDOWS\SYSTEM32\IPHLPAPI.DLL
0x00007ffea2a80000 - 0x00007ffea2a88000 	C:\WINDOWS\System32\NSI.dll
0x00007ffe7be40000 - 0x00007ffe7be49000 	C:\Users\Tania\.jdks\corretto-21.0.7\bin\extnet.dll
0x00007ffe99bb0000 - 0x00007ffe99bba000 	C:\Windows\System32\rasadhlp.dll
0x00007ffe99d30000 - 0x00007ffe99db0000 	C:\WINDOWS\System32\fwpuclnt.dll
0x00007ffe9c6f0000 - 0x00007ffe9c6f9000 	C:\Users\Tania\.jdks\corretto-21.0.7\bin\management.dll
0x00007ffe9c6e0000 - 0x00007ffe9c6eb000 	C:\Users\Tania\.jdks\corretto-21.0.7\bin\management_ext.dll
0x00007ffea2a90000 - 0x00007ffea2a98000 	C:\WINDOWS\System32\PSAPI.DLL
0x00007ffe9ffe0000 - 0x00007ffe9fff8000 	C:\WINDOWS\SYSTEM32\CRYPTSP.dll
0x00007ffe9f650000 - 0x00007ffe9f688000 	C:\WINDOWS\system32\rsaenh.dll
0x00007ffea0500000 - 0x00007ffea052e000 	C:\WINDOWS\SYSTEM32\USERENV.dll
0x00007ffe9ff10000 - 0x00007ffe9ff1c000 	C:\WINDOWS\SYSTEM32\CRYPTBASE.dll
0x00007ffe7b950000 - 0x00007ffe7b967000 	C:\WINDOWS\system32\napinsp.dll
0x00007ffe7b930000 - 0x00007ffe7b94b000 	C:\WINDOWS\system32\pnrpnsp.dll
0x00007ffe7a9a0000 - 0x00007ffe7a9bd000 	C:\WINDOWS\system32\wshbth.dll
0x00007ffe9bea0000 - 0x00007ffe9bebd000 	C:\WINDOWS\system32\NLAapi.dll
0x00007ffe7a860000 - 0x00007ffe7a872000 	C:\WINDOWS\System32\winrnr.dll
0x00007ffe93260000 - 0x00007ffe932b1000 	C:\WINDOWS\SYSTEM32\pdh.dll
0x00007ffe7e0c0000 - 0x00007ffe7e0cf000 	C:\WINDOWS\System32\perfproc.dll
0x00007ffe9c6d0000 - 0x00007ffe9c6de000 	C:\Users\Tania\.jdks\corretto-21.0.7\bin\sunmscapi.dll
0x00007ffea0dc0000 - 0x00007ffea0f1d000 	C:\WINDOWS\System32\CRYPT32.dll
0x00007ffea00f0000 - 0x00007ffea0117000 	C:\WINDOWS\SYSTEM32\ncrypt.dll
0x00007ffea00b0000 - 0x00007ffea00eb000 	C:\WINDOWS\SYSTEM32\NTASN1.dll
0x00007ffe72620000 - 0x00007ffe72630000 	C:\Users\Tania\.jdks\corretto-21.0.7\bin\verify.dll
0x00007ffe4e340000 - 0x00007ffe4e347000 	C:\WINDOWS\system32\wshunix.dll

dbghelp: loaded successfully - version: 4.0.5 - missing functions: none
symbol engine: initialized successfully - sym options: 0x614 - pdb path: .;C:\Users\Tania\.jdks\corretto-21.0.7\bin;C:\WINDOWS\SYSTEM32;C:\WINDOWS\WinSxS\amd64_microsoft.windows.common-controls_6595b64144ccf1df_6.0.19041.5794_none_60bcd33171f2783c;C:\Users\Tania\.jdks\corretto-21.0.7\bin\server

VM Arguments:
jvm_args: -XX:TieredStopAtLevel=1 -Dspring.output.ansi.enabled=always -Dcom.sun.management.jmxremote -Dspring.jmx.enabled=true -Dspring.liveBeansView.mbeanDomain -Dspring.application.admin.enabled=true -Dmanagement.endpoints.jmx.exposure.include=* -javaagent:C:\Program Files\JetBrains\IntelliJ IDEA 2025.1\lib\idea_rt.jar=64048 -Dfile.encoding=UTF-8 -Dsun.stdout.encoding=UTF-8 -Dsun.stderr.encoding=UTF-8 
java_command: at.fhtw.webshop.WebshopApplication
java_class_path (initial): C:\Users\Tania\dev\app\target\classes;C:\Users\Tania\.m2\repository\org\springframework\boot\spring-boot-starter\3.4.3\spring-boot-starter-3.4.3.jar;C:\Users\Tania\.m2\repository\org\springframework\boot\spring-boot\3.4.3\spring-boot-3.4.3.jar;C:\Users\Tania\.m2\repository\org\springframework\spring-context\6.2.3\spring-context-6.2.3.jar;C:\Users\Tania\.m2\repository\org\springframework\boot\spring-boot-autoconfigure\3.4.3\spring-boot-autoconfigure-3.4.3.jar;C:\Users\Tania\.m2\repository\org\springframework\boot\spring-boot-starter-logging\3.4.3\spring-boot-starter-logging-3.4.3.jar;C:\Users\Tania\.m2\repository\ch\qos\logback\logback-classic\1.5.16\logback-classic-1.5.16.jar;C:\Users\Tania\.m2\repository\ch\qos\logback\logback-core\1.5.16\logback-core-1.5.16.jar;C:\Users\Tania\.m2\repository\org\apache\logging\log4j\log4j-to-slf4j\2.24.3\log4j-to-slf4j-2.24.3.jar;C:\Users\Tania\.m2\repository\org\apache\logging\log4j\log4j-api\2.24.3\log4j-api-2.24.3.jar;C:\Users\Tania\.m2\repository\org\slf4j\jul-to-slf4j\2.0.16\jul-to-slf4j-2.0.16.jar;C:\Users\Tania\.m2\repository\jakarta\annotation\jakarta.annotation-api\2.1.1\jakarta.annotation-api-2.1.1.jar;C:\Users\Tania\.m2\repository\org\springframework\spring-core\6.2.3\spring-core-6.2.3.jar;C:\Users\Tania\.m2\repository\org\springframework\spring-jcl\6.2.3\spring-jcl-6.2.3.jar;C:\Users\Tania\.m2\repository\org\yaml\snakeyaml\2.3\snakeyaml-2.3.jar;C:\Users\Tania\.m2\repository\org\slf4j\slf4j-api\2.0.16\slf4j-api-2.0.16.jar;C:\Users\Tania\.m2\repository\jakarta\xml\bind\jakarta.xml.bind-api\4.0.2\jakarta.xml.bind-api-4.0.2.jar;C:\Users\Tania\.m2\repository\jakarta\activation\jakarta.activation-api\2.1.3\jakarta.activation-api-2.1.3.jar;C:\Users\Tania\.m2\repository\net\bytebuddy\byte-buddy\1.15.11\byte-buddy-1.15.11.jar;C:\Users\Tania\.m2\repository\org\springframework\boot\spring-boot-starter-web\3.4.3\spring-boot-starter-web-3.4.3.jar;C:\Users\Tania\.m2\repository\org\springframework\boot\spring-boot-starter-json\3.4.3\spring-boot-starter-json-3.4.3.jar;C:\Users\Tania\.m2\repository\com\fasterxml\jackson\datatype\jackson-datatype-jdk8\2.18.2\jackson-datatype-jdk8-2.18.2.jar;C:\Users\Tania\.m2\repository\com\fasterxml\jackson\datatype\jackson-datatype-jsr310\2.18.2\jackson-datatype-jsr310-2.18.2.jar;C:\Users\Tania\.m2\repository\com\fasterxml\jackson\module\jackson-module-parameter-names\2.18.2\jackson-module-parameter-names-2.18.2.jar;C:\Users\Tania\.m2\repository\org\springframework\boot\spring-boot-starter-tomcat\3.4.3\spring-boot-starter-tomcat-3.4.3.jar;C:\Users\Tania\.m2\repository\org\apache\tomcat\embed\tomcat-embed-core\10.1.36\tomcat-embed-core-10.1.36.jar;C:\Users\Tania\.m2\repository\org\apache\tomcat\embed\tomcat-embed-websocket\10.1.36\tomcat-embed-websocket-10.1.36.jar;C:\Users\Tania\.m2\repository\org\springframework\spring-web\6.2.3\spring-web-6.2.3.jar;C:\Users\Tania\.m2\repository\org\springframework\spring-beans\6.2.3\spring-beans-6.2.3.jar;C:\Users\Tania\.m2\repository\io\micrometer\micrometer-observation\1.14.4\micrometer-observation-1.14.4.jar;C:\Users\Tania\.m2\repository\io\micrometer\micrometer-commons\1.14.4\micrometer-commons-1.14.4.jar;C:\Users\Tania\.m2\repository\org\springframework\spring-webmvc\6.2.3\spring-webmvc-6.2.3.jar;C:\Users\Tania\.m2\repository\org\springframework\spring-expression\6.2.3\spring-expression-6.2.3.jar;C:\Users\Tania\.m2\repository\org\springframework\boot\spring-boot-starter-thymeleaf\3.4.3\spring-boot-starter-thymeleaf-3.4.3.jar;C:\Users\Tania\.m2\repository\org\thymeleaf\thymeleaf-spring6\3.1.3.RELEASE\thymeleaf-spring6-3.1.3.RELEASE.jar;C:\Users\Tania\.m2\repository\org\thymeleaf\thymeleaf\3.1.3.RELEASE\thymeleaf-3.1.3.RELEASE.jar;C:\Users\Tania\.m2\repository\org\attoparser\attoparser\2.0.7.RELEASE\attoparser-2.0.7.RELEASE.jar;C:\Users\Tania\.m2\repository\org\unbescape\unbescape\1.1.6.RELEASE\unbescape-1.1.6.RELEASE.jar;C:\Users\Tania\.m2\repository\org\springframework\boot\spring-boot-starter-security\3.4.3\spring-boot-starter-security-3.4.3.jar;C:\Users\Tania\.m2\repository\org\springframework\spring-aop\6.2.3\spring-aop-6.2.3.jar;C:\Users\Tania\.m2\repository\org\springframework\security\spring-security-config\6.4.3\spring-security-config-6.4.3.jar;C:\Users\Tania\.m2\repository\org\springframework\security\spring-security-web\6.4.3\spring-security-web-6.4.3.jar;C:\Users\Tania\.m2\repository\org\springframework\security\spring-security-core\6.4.3\spring-security-core-6.4.3.jar;C:\Users\Tania\.m2\repository\org\springframework\security\spring-security-crypto\6.4.3\spring-security-crypto-6.4.3.jar;C:\Users\Tania\.m2\repository\org\springframework\boot\spring-boot-starter-data-jpa\3.4.3\spring-boot-starter-data-jpa-3.4.3.jar;C:\Users\Tania\.m2\repository\org\springframework\boot\spring-boot-starter-jdbc\3.4.3\spring-boot-starter-jdbc-3.4.3.jar;C:\Users\Tania\.m2\repository\com\zaxxer\HikariCP\5.1.0\HikariCP-5.1.0.jar;C:\Users\Tania\.m2\repository\org\springframework\spring-jdbc\6.2.3\spring-jdbc-6.2.3.jar;C:\Users\Tania\.m2\repository\org\hibernate\orm\hibernate-core\6.6.8.Final\hibernate-core-6.6.8.Final.jar;C:\Users\Tania\.m2\repository\jakarta\persistence\jakarta.persistence-api\3.1.0\jakarta.persistence-api-3.1.0.jar;C:\Users\Tania\.m2\repository\jakarta\transaction\jakarta.transaction-api\2.0.1\jakarta.transaction-api-2.0.1.jar;C:\Users\Tania\.m2\repository\org\jboss\logging\jboss-logging\3.6.1.Final\jboss-logging-3.6.1.Final.jar;C:\Users\Tania\.m2\repository\org\hibernate\common\hibernate-commons-annotations\7.0.3.Final\hibernate-commons-annotations-7.0.3.Final.jar;C:\Users\Tania\.m2\repository\io\smallrye\jandex\3.2.0\jandex-3.2.0.jar;C:\Users\Tania\.m2\repository\com\fasterxml\classmate\1.7.0\classmate-1.7.0.jar;C:\Users\Tania\.m2\repository\org\glassfish\jaxb\jaxb-runtime\4.0.5\jaxb-runtime-4.0.5.jar;C:\Users\Tania\.m2\repository\org\glassfish\jaxb\jaxb-core\4.0.5\jaxb-core-4.0.5.jar;C:\Users\Tania\.m2\repository\org\eclipse\angus\angus-activation\2.0.2\angus-activation-2.0.2.jar;C:\Users\Tania\.m2\repository\org\glassfish\jaxb\txw2\4.0.5\txw2-4.0.5.jar;C:\Users\Tania\.m2\repository\com\sun\istack\istack-commons-runtime\4.1.2\istack-commons-runtime-4.1.2.jar;C:\Users\Tania\.m2\repository\jakarta\inject\jakarta.inject-api\2.0.1\jakarta.inject-api-2.0.1.jar;C:\Users\Tania\.m2\repository\org\antlr\antlr4-runtime\4.13.0\antlr4-runtime-4.13.0.jar;C:\Users\Tania\.m2\repository\org\springframework\data\spring-data-jpa\3.4.3\spring-data-jpa-3.4.3.jar;C:\Users\Tania\.m2\repository\org\springframework\data\spring-data-commons\3.4.3\spring-data-commons-3.4.3.jar;C:\Users\Tania\.m2\repository\org\springframework\spring-orm\6.2.3\spring-orm-6.2.3.jar;C:\Users\Tania\.m2\repository\org\springframework\spring-tx\6.2.3\spring-tx-6.2.3.jar;C:\Users\Tania\.m2\repository\org\springframework\spring-aspects\6.2.3\spring-aspects-6.2.3.jar;C:\Users\Tania\.m2\repository\org\aspectj\aspectjweaver\1.9.22.1\aspectjweaver-1.9.22.1.jar;C:\Users\Tania\.m2\repository\mysql\mysql-connector-java\8.0.28\mysql-connector-java-8.0.28.jar;C:\Users\Tania\.m2\repository\com\google\protobuf\protobuf-java\3.11.4\protobuf-java-3.11.4.jar;C:\Users\Tania\.m2\repository\org\springdoc\springdoc-openapi-starter-webmvc-ui\2.2.0\springdoc-openapi-starter-webmvc-ui-2.2.0.jar;C:\Users\Tania\.m2\repository\org\springdoc\springdoc-openapi-starter-webmvc-api\2.2.0\springdoc-openapi-starter-webmvc-api-2.2.0.jar;C:\Users\Tania\.m2\repository\org\springdoc\springdoc-openapi-starter-common\2.2.0\springdoc-openapi-starter-common-2.2.0.jar;C:\Users\Tania\.m2\repository\io\swagger\core\v3\swagger-core-jakarta\2.2.15\swagger-core-jakarta-2.2.15.jar;C:\Users\Tania\.m2\repository\org\apache\commons\commons-lang3\3.17.0\commons-lang3-3.17.0.jar;C:\Users\Tania\.m2\repository\io\swagger\core\v3\swagger-annotations-jakarta\2.2.15\swagger-annotations-jakarta-2.2.15.jar;C:\Users\Tania\.m2\repository\io\swagger\core\v3\swagger-models-jakarta\2.2.15\swagger-models-jakarta-2.2.15.jar;C:\Users\Tania\.m2\repository\com\fasterxml\jackson\dataformat\jackson-dataformat-yaml\2.18.2\jackson-dataformat-yaml-2.18.2.jar;C:\Users\Tania\.m2\repository\org\webjars\swagger-ui\5.2.0\swagger-ui-5.2.0.jar;C:\Users\Tania\.m2\repository\org\springframework\boot\spring-boot-starter-validation\3.4.3\spring-boot-starter-validation-3.4.3.jar;C:\Users\Tania\.m2\repository\org\apache\tomcat\embed\tomcat-embed-el\10.1.36\tomcat-embed-el-10.1.36.jar;C:\Users\Tania\.m2\repository\org\hibernate\validator\hibernate-validator\8.0.2.Final\hibernate-validator-8.0.2.Final.jar;C:\Users\Tania\.m2\repository\jakarta\validation\jakarta.validation-api\3.0.2\jakarta.validation-api-3.0.2.jar;C:\Users\Tania\.m2\repository\io\jsonwebtoken\jjwt-api\0.11.5\jjwt-api-0.11.5.jar;C:\Users\Tania\.m2\repository\io\jsonwebtoken\jjwt-impl\0.11.5\jjwt-impl-0.11.5.jar;C:\Users\Tania\.m2\repository\io\jsonwebtoken\jjwt-jackson\0.11.5\jjwt-jackson-0.11.5.jar;C:\Users\Tania\.m2\repository\com\fasterxml\jackson\core\jackson-databind\2.18.2\jackson-databind-2.18.2.jar;C:\Users\Tania\.m2\repository\com\fasterxml\jackson\core\jackson-annotations\2.18.2\jackson-annotations-2.18.2.jar;C:\Users\Tania\.m2\repository\com\fasterxml\jackson\core\jackson-core\2.18.2\jackson-core-2.18.2.jar;C:\Users\Tania\.m2\repository\com\itextpdf\itextpdf\5.5.13.3\itextpdf-5.5.13.3.jar
Launcher Type: SUN_STANDARD

[Global flags]
     intx CICompilerCount                          = 12                                        {product} {ergonomic}
     uint ConcGCThreads                            = 3                                         {product} {ergonomic}
     uint G1ConcRefinementThreads                  = 13                                        {product} {ergonomic}
   size_t G1HeapRegionSize                         = 8388608                                   {product} {ergonomic}
    uintx GCDrainStackTargetSize                   = 64                                        {product} {ergonomic}
   size_t InitialHeapSize                          = 1065353216                                {product} {ergonomic}
     bool ManagementServer                         = true                                      {product} {command line}
   size_t MarkStackSize                            = 4194304                                   {product} {ergonomic}
   size_t MaxHeapSize                              = 16953376768                               {product} {ergonomic}
   size_t MaxNewSize                               = 10166992896                               {product} {ergonomic}
   size_t MinHeapDeltaBytes                        = 8388608                                   {product} {ergonomic}
   size_t MinHeapSize                              = 8388608                                   {product} {ergonomic}
    uintx NonNMethodCodeHeapSize                   = 4096                                   {pd product} {ergonomic}
    uintx NonProfiledCodeHeapSize                  = 0                                      {pd product} {ergonomic}
     bool ProfileInterpreter                       = false                                  {pd product} {command line}
    uintx ProfiledCodeHeapSize                     = 0                                      {pd product} {ergonomic}
   size_t SoftMaxHeapSize                          = 16953376768                            {manageable} {ergonomic}
     intx TieredStopAtLevel                        = 1                                         {product} {command line}
     bool UseCompressedOops                        = true                           {product lp64_product} {ergonomic}
     bool UseG1GC                                  = true                                      {product} {ergonomic}
     bool UseLargePagesIndividualAllocation        = false                                  {pd product} {ergonomic}

Logging:
Log output configuration:
 #0: stdout all=warning uptime,level,tags foldmultilines=false
 #1: stderr all=off uptime,level,tags foldmultilines=false

Environment Variables:
PATH=C:\WINDOWS\system32;C:\WINDOWS;C:\WINDOWS\System32\Wbem;C:\WINDOWS\System32\WindowsPowerShell\v1.0\;C:\WINDOWS\System32\OpenSSH\;C:\Program Files\dotnet\;C:\Program Files (x86)\NVIDIA Corporation\PhysX\Common;C:\Program Files\Git\cmd;C:\Program Files\NVIDIA Corporation\NVIDIA app\NvDLISR;C:\Program Files\Docker\Docker\resources\bin;C:\Users\Tania\AppData\Local\Microsoft\WindowsApps;C:\Users\Tania\AppData\Local\Programs\Microsoft VS Code\bin;C:\Users\Tania\AppData\Local\JetBrains\Toolbox\scripts;
USERNAME=Tania
OS=Windows_NT
PROCESSOR_IDENTIFIER=AMD64 Family 25 Model 97 Stepping 2, AuthenticAMD
TMP=C:\Users\Tania\AppData\Local\Temp
TEMP=C:\Users\Tania\AppData\Local\Temp




Periodic native trim disabled

---------------  S Y S T E M  ---------------

OS:
 Windows 10 , 64 bit Build 19041 (10.0.19041.5794)
OS uptime: 0 days 4:41 hours
Hyper-V role detected

CPU: total 16 (initial active 16) (16 cores per cpu, 2 threads per core) family 25 model 97 stepping 2 microcode 0x0, cx8, cmov, fxsr, ht, mmx, 3dnowpref, sse, sse2, sse3, ssse3, sse4a, sse4.1, sse4.2, popcnt, lzcnt, tsc, tscinvbit, avx, avx2, aes, erms, clmul, bmi1, bmi2, adx, avx512f, avx512dq, avx512cd, avx512bw, avx512vl, sha, fma, vzeroupper, avx512_vpopcntdq, avx512_vpclmulqdq, avx512_vaes, avx512_vnni, clflush, clflushopt, avx512_vbmi2, avx512_vbmi, hv, rdtscp, rdpid, fsrm, gfni, avx512_bitalg, f16c, cet_ss, avx512_ifma
Processor Information for the first 16 processors :
  Max Mhz: 3801, Current Mhz: 3801, Mhz Limit: 3801

Memory: 4k page, system-wide physical 64655M (42079M free)
TotalPageFile size 73871M (AvailPageFile size 41731M)
current process WorkingSet (physical memory assigned to process): 298M, peak: 298M
current process commit charge ("private bytes"): 352M, peak: 1172M

vm_info: OpenJDK 64-Bit Server VM (21.0.7+6-LTS) for windows-amd64 JRE (21.0.7+6-LTS), built on 2025-04-14T16:08:54Z by "Administrator" with MS VC++ 16.10 / 16.11 (VS2019)

END.
